FF_b1-128k_s1234 {"A": 13.099136731000044, "B": 34.104152677, "CD": 13.691231419000133, "E": 97.22323849600002, "total": 167.83595416100002} rss 3315 MB
FF_b1-128k_s1235 {"A": 11.511179687000094, "B": 33.599529620999874, "CD": 13.61178066299999, "E": 104.0411074220001, "total": 171.72056516099997} rss 3317 MB
FF_b1-128k_s1236 {"A": 14.526487867000014, "B": 34.14142275599988, "CD": 13.37996269700011, "E": 102.58014596999988, "total": 173.88898492300018} rss 3344 MB
FF_b1-256k_s1235 {"A": 13.094081678000066, "B": 33.82222267999987, "CD": 13.82343556900014, "E": 96.8877338240004, "total": 166.75451043199973} rss 3354 MB
FF_b1-256k_s1234 {"A": 11.832615681000107, "B": 32.34349843100017, "CD": 14.080920331000016, "E": 105.35641262599984, "total": 172.79376456700015} rss 3306 MB
FF_b1-256k_s1236 {"A": 10.747304746000054, "B": 33.19050001099981, "CD": 13.996258970999861, "E": 102.33512863600026, "total": 169.184105027} rss 3496 MB
FF_b1-384k_s1234 {"A": 11.090580667999802, "B": 30.13932136700032, "CD": 13.818657682999856, "E": 96.7696156699999, "total": 161.01519501600023} rss 3329 MB
FF_b1-384k_s1236 {"A": 12.758738159000131, "B": 35.10314927599984, "CD": 13.816965947999961, "E": 96.46533677700018, "total": 167.33337403700034} rss 3281 MB
FF_b1-384k_s1235 {"A": 13.668406366, "B": 34.641322577999745, "CD": 13.58080318600014, "E": 102.44523062300004, "total": 172.90834066700018} rss 3312 MB
FF_b1-512k_s1234 {"A": 12.423307552999631, "B": 22.939692250999997, "CD": 13.055578992999926, "E": 99.87606917600033, "total": 157.00119708900002} rss 3981 MB
FF_b1-512k_s1235 {"A": 12.462877820999893, "B": 30.158500729000025, "CD": 13.775389812999947, "E": 104.52746237700012, "total": 169.50606291899976} rss 3320 MB
FF_b1-512k_s1236 {"A": 16.078334923000057, "B": 30.867304309000247, "CD": 14.207630343000346, "E": 104.89862069899982, "total": 174.78563248499995} rss 3331 MB
FF_b1-640k_s1234 {"A": 11.19846970000026, "B": 21.30509178000011, "CD": 13.461895740999807, "E": 99.12261817299986, "total": 154.42198057399992} rss 3602 MB
FF_b1-640k_s1235 {"A": 10.903905182000017, "B": 28.687895271999878, "CD": 13.768484951000119, "E": 99.68112007700029, "total": 162.09315369199976} rss 3711 MB
FF_b1-640k_s1236 {"A": 13.989635217999876, "B": 29.589613724000174, "CD": 13.425959218000116, "E": 103.57230977400013, "total": 169.48855600999968} rss 3288 MB
FF_init_s1234 {"A": 12.312003142999856, "B": 25.01674113800027, "CD": 13.61215378099996, "E": 104.17682427, "total": 163.31065295899998} rss 3394 MB
FF_init_s1235 {"A": 12.74927307400003, "B": 23.155691406000187, "CD": 13.645115473999795, "E": 99.43401009099989, "total": 157.90603761900002} rss 3346 MB
FF_init_s1236 {"A": 11.913908427000024, "B": 28.740692494000086, "CD": 13.860443478999969, "E": 101.97867454400011, "total": 165.28388690099973} rss 3320 MB
FF_sw-320k_s1234 {"A": 12.102651068000341, "B": 20.788887249000254, "CD": 13.493123310000101, "E": 104.7057524249999, "total": 160.215771314} rss 3308 MB
FF_sw-320k_s1235 {"A": 12.759175641999718, "B": 22.287867314000323, "CD": 13.408666327999981, "E": 96.158116737, "total": 153.68931802499992} rss 3312 MB
FF_sw-320k_s1236 {"A": 10.557022467000024, "B": 31.557360935999895, "CD": 14.12019018700039, "E": 102.41657470100017, "total": 167.3609917130002} rss 3299 MB
FF_tr-384k_s1234 {"A": 12.502833768000073, "B": 21.93820457999982, "CD": 14.239563669999825, "E": 94.10934725300012, "total": 151.58839142499983} rss 4216 MB
FF_tr-384k_s1235 {"A": 12.813648476999788, "B": 32.07813207599975, "CD": 13.198356134999813, "E": 99.3748767320003, "total": 165.5981715590001} rss 3355 MB
FF_tr-384k_s1236 {"A": 12.448425663999842, "B": 30.131919528999788, "CD": 13.18399809199991, "E": 95.99381698600018, "total": 160.08848516599983} rss 3535 MB
FF_tr-512k_s1234 {"A": 12.220998330999919, "B": 22.670191501999852, "CD": 12.903381668000293, "E": 95.28374917200017, "total": 150.93449378800005} rss 3266 MB
FF_tr-512k_s1235 {"A": 10.737776631000088, "B": 27.746851975000027, "CD": 13.081287640000028, "E": 94.06822116600006, "total": 154.56147799500013} rss 3333 MB
FF_tr-512k_s1236 {"A": 11.043196408999847, "B": 29.28449608799974, "CD": 13.354102046000207, "E": 96.39167405600028, "total": 158.26437834099988} rss 3256 MB
FF_tr-623k_s1234 {"A": 9.976410608000151, "B": 27.840074233999985, "CD": 13.433237693000137, "E": 98.8890194390001, "total": 158.16377499599957} rss 3268 MB
FF_tr-623k_s1235 {"A": 10.253082096000071, "B": 24.289463508999688, "CD": 12.68008782600009, "E": 95.19773605899991, "total": 150.9131698770002} rss 3309 MB
FF_tr-623k_s1236 {"A": 9.943793950000327, "B": 27.964245695000045, "CD": 13.11064402599959, "E": 93.95644328200024, "total": 153.26324598600013} rss 3316 MB
MO_init_s1234 {"A": 6.887484799000049, "B": 5.453420627000014, "CD": 1.0900993310001468, "E": 69.54292124899985, "total": 88.72152830300001} rss 2870 MB
MO_init_s1235 {"A": 7.145211592000123, "B": 4.363924519999728, "CD": 1.4813255940002819, "E": 72.2880870719996, "total": 90.803299487} rss 2676 MB
MO_init_s1236 {"A": 7.209759949999807, "B": 4.526669513999877, "CD": 1.1536982269999498, "E": 67.45750601600002, "total": 85.90689842399979} rss 2575 MB
MO_m0-128k_s1234 {"A": 7.267557461999786, "B": 4.5301857490003385, "CD": 1.3679135570000653, "E": 69.43408625500024, "total": 88.64871339799993} rss 2751 MB
MO_m0-128k_s1235 {"A": 7.4400524279999445, "B": 4.4512162420001005, "CD": 2.004977750999842, "E": 70.406579857, "total": 89.89135908100025} rss 2556 MB
MO_m0-128k_s1236 {"A": 7.314211255999908, "B": 4.363497217000258, "CD": 1.0267594860001736, "E": 67.53412497199997, "total": 86.32449194699984} rss 2473 MB
MO_m0-256k_s1234 {"A": 8.170184146000338, "B": 4.437087166999845, "CD": 1.6732014060003166, "E": 70.44850221600018, "total": 90.49028361499995} rss 2740 MB
MO_m0-256k_s1235 {"A": 7.554984403999697, "B": 4.260385264999968, "CD": 1.497756286999902, "E": 68.57191231399975, "total": 87.3547758069999} rss 2733 MB
MO_m0-256k_s1236 {"A": 7.347748621999926, "B": 4.347755854999832, "CD": 1.1732755930001986, "E": 70.28649811900004, "total": 89.00595829000031} rss 2431 MB
MO_m0-384k_s1234 {"A": 7.493208502000016, "B": 4.318151080999996, "CD": 0.9499958899996273, "E": 71.95016996499999, "total": 90.44706127600011} rss 2960 MB
MO_m0-384k_s1235 {"A": 6.986084577999918, "B": 4.525016966000294, "CD": 2.737965888999952, "E": 72.3908825640001, "total": 92.64824647800015} rss 2427 MB
MO_m0-384k_s1236 {"A": 7.34673927599988, "B": 4.336990436000178, "CD": 1.8405132449997836, "E": 71.60032939599978, "total": 91.06551251099972} rss 2438 MB
MO_m0-512k_s1234 {"A": 7.86084280499972, "B": 4.607351498999833, "CD": 1.3611605050000435, "E": 72.26099125400015, "total": 92.17530035100026} rss 2606 MB
MO_m0-512k_s1235 {"A": 7.025942937999844, "B": 4.155099141999926, "CD": 2.3209203050000724, "E": 70.69892355600041, "total": 89.8149263690002} rss 2586 MB
MO_m0-512k_s1236 {"A": 7.229676670000117, "B": 4.4157686570001715, "CD": 0.9699321039997812, "E": 70.59433833499997, "total": 89.08710607600005} rss 2583 MB
MO_m0-640k_s1234 {"A": 7.069616397000118, "B": 4.387013811999623, "CD": 2.062779573000171, "E": 71.6484102989998, "total": 91.30384493100019} rss 2620 MB
MO_m0-640k_s1235 {"A": 8.274153335999927, "B": 4.352937831999952, "CD": 1.4532261520002976, "E": 72.08677898499991, "total": 92.20483281399993} rss 2746 MB
MO_m0-640k_s1236 {"A": 7.582488823999938, "B": 4.57971408100002, "CD": 2.3064671639999688, "E": 70.61513702499997, "total": 90.67533282899967} rss 2440 MB
MO_ml-384k_s1234 {"A": 7.397371391999968, "B": 4.4263183829998525, "CD": 2.698992771999656, "E": 71.27894799600017, "total": 91.70387000499977} rss 2433 MB
MO_ml-384k_s1235 {"A": 6.76784794599962, "B": 4.484795643000325, "CD": 2.6373959249995096, "E": 70.40413143600017, "total": 90.67076719299985} rss 2431 MB
MO_ml-384k_s1236 {"A": 7.227187414999207, "B": 4.605657640999198, "CD": 1.2374027789992397, "E": 69.71334978800041, "total": 88.56440672200006} rss 2691 MB
MO_ml-512k_s1234 {"A": 7.086080008999488, "B": 4.449853260999589, "CD": 1.1316631649997362, "E": 70.94309970700033, "total": 89.88027912600046} rss 2477 MB
MO_ml-512k_s1235 {"A": 7.177899186000104, "B": 4.201156527999956, "CD": 2.1541954829999668, "E": 71.44306445500024, "total": 91.31115581499944} rss 2644 MB
MO_ml-512k_s1236 {"A": 7.334561468999709, "B": 4.3981583309996495, "CD": 1.0723550919992704, "E": 70.92576265700063, "total": 89.61999532399932} rss 2707 MB
MO_ml-623k_s1234 {"A": 7.734549814999809, "B": 4.198023908000323, "CD": 0.9220796529998552, "E": 73.06211119900036, "total": 91.3585002789996} rss 2958 MB
MO_ml-623k_s1235 {"A": 6.912955030000376, "B": 4.8769820759998765, "CD": 1.0181890300000305, "E": 71.99107714099955, "total": 91.02212753999993} rss 2902 MB
MX_init_s1234 {"A": 12.191845123000348, "B": 21.763413615999525, "total": 42.782490931999746} rss 3341 MB
MO_ml-623k_s1236 {"A": 7.590346402999785, "B": 4.498307179999756, "CD": 1.0433088660001886, "E": 70.6968385299997, "total": 90.17515502100014} rss 2717 MB
MX_init_s1235 {"A": 11.015662471999349, "B": 20.905792415999713, "total": 40.357895531000395} rss 3361 MB
MX_init_s1236 {"A": 10.612081072000365, "B": 21.332171834999826, "total": 40.844996619000085} rss 3329 MB
MX_mx-128k_s1234 {"A": 12.867021980999198, "B": 25.439134970999476, "total": 47.439158506999775} rss 3344 MB
MX_mx-128k_s1235 {"A": 13.764434150999477, "B": 27.916633081999862, "total": 50.74698051900032} rss 3330 MB
MX_mx-128k_s1236 {"A": 12.248451687999477, "B": 21.651151768999625, "total": 42.96317046400054} rss 3279 MB
MX_mx-256k_s1234 {"A": 12.379802757000107, "B": 23.063310002000435, "total": 43.68131360299958} rss 3348 MB
MX_mx-256k_s1235 {"A": 12.244421241000055, "B": 29.36213652100014, "total": 50.135564779999186} rss 3369 MB
MX_mx-256k_s1236 {"A": 12.236097126000459, "B": 23.47388164900076, "total": 45.21171685799982} rss 3317 MB
MX_mx-384k_s1234 {"A": 13.003452054999798, "B": 22.394350601000042, "total": 44.702061941000466} rss 3375 MB
MX_mx-384k_s1235 {"A": 12.252908931999627, "B": 28.148290512999665, "total": 49.32862546800061} rss 3386 MB
MX_mx-384k_s1236 {"A": 13.269264780999947, "B": 25.492161647999637, "total": 47.693906704000256} rss 3348 MB
MX_mx-512k_s1234 {"A": 13.226785304999794, "B": 24.12100178500077, "total": 46.33440652799982} rss 3306 MB
MX_mx-512k_s1235 {"A": 12.506363448999764, "B": 23.896254686000248, "total": 45.83355276200018} rss 3336 MB
MX_mx-512k_s1236 {"A": 13.60449446200073, "B": 25.62534560399945, "total": 48.12255511700005} rss 3299 MB
MX_mx-640k_s1234 {"A": 14.43129763900015, "B": 23.449918005000654, "total": 46.58165979499972} rss 3346 MB
MX_mx-640k_s1235 {"A": 13.28669077700033, "B": 23.969112640000276, "total": 46.29098877100023} rss 3350 MB
MX_mx-640k_s1236 {"A": 12.432377313999496, "B": 23.086894014999416, "total": 44.77235778999966} rss 3389 MB
